This file contains any messages produced by compilers while
running configure, to aid debugging if configure makes a mistake.

It was created by configure, which was
generated by GNU Autoconf 2.68.  Invocation command line was

  $ ./configure --target=pentium-windows --enable-sb16 --enable-ne2000 --enable-all-optimizations --enable-cpu-level=6 --enable-x86-64 --enable-pci --enable-clgd54xx --enable-usb --enable-usb-ohci --enable-es1370 --enable-e1000 --enable-show-ips --disable-readline --without-x --with-win32 --with-rfb --with-nogui

## --------- ##
## Platform. ##
## --------- ##

hostname = Volker-Laptop
uname -m = i686
uname -r = 1.7.16(0.262/5/3)
uname -s = CYGWIN_NT-6.1-WOW64
uname -v = 2012-07-20 22:55

/usr/bin/uname -p = unknown
/bin/uname -X     = unknown

/bin/arch              = i686
/usr/bin/arch -k       = unknown
/usr/convex/getsysinfo = unknown
/usr/bin/hostinfo      = unknown
/bin/machine           = unknown
/usr/bin/oslevel       = unknown
/bin/universe          = unknown

PATH: /usr/local/bin
PATH: /usr/bin
PATH: /cygdrive/c/Windows/system32
PATH: /cygdrive/c/Windows
PATH: /cygdrive/c/Windows/System32/Wbem
PATH: /cygdrive/c/Windows/System32/WindowsPowerShell/v1.0
PATH: /cygdrive/c/Program Files (x86)/Microsoft SQL Server/90/Tools/binn
PATH: /cygdrive/c/Program Files/TortoiseSVN/bin
PATH: /cygdrive/c/WATCOM/BINNT
PATH: /cygdrive/c/WATCOM/BINW


## ----------- ##
## Core tests. ##
## ----------- ##

configure:3146: checking build system type
configure:3160: result: i686-pc-cygwin
configure:3180: checking host system type
configure:3193: result: i686-pc-cygwin
configure:3213: checking target system type
configure:3226: result: i586-pc-windows
configure:3253: checking if you are configuring for another platform
configure:3256: result: yes
configure:3325: checking for standard CFLAGS on this platform
configure:3327: result: 
configure:3395: checking for gcc
configure:3411: found /usr/bin/gcc
configure:3422: result: gcc
configure:3651: checking for C compiler version
configure:3660: gcc --version >&5
gcc (GCC) 3.4.4 (cygming special, gdc 0.12, using dmd 0.125)
Copyright (C) 2004 Free Software Foundation, Inc.
This is free software; see the source for copying conditions.  There is NO
warranty; not even for MERCHANTABILITY or FITNESS FOR A PARTICULAR PURPOSE.

configure:3671: $? = 0
configure:3660: gcc -v >&5
Reading specs from /usr/lib/gcc/i686-pc-cygwin/3.4.4/specs
Configured with: /managed/gcc-build/final-v3-bootstrap/gcc-3.4.4-999/configure --verbose --program-suffix=-3 --prefix=/usr --exec-prefix=/usr --sysconfdir=/etc --libdir=/usr/lib --libexecdir=/usr/lib --mandir=/usr/share/man --infodir=/usr/share/info --enable-languages=c,ada,c++,d,f77,pascal,java,objc --enable-nls --without-included-gettext --enable-version-specific-runtime-libs --without-x --enable-libgcj --disable-java-awt --with-system-zlib --enable-interpreter --disable-libgcj-debug --enable-threads=posix --enable-java-gc=boehm --disable-win32-registry --enable-sjlj-exceptions --enable-hash-synchronization --enable-libstdcxx-debug
Thread model: posix
gcc version 3.4.4 (cygming special, gdc 0.12, using dmd 0.125)
configure:3671: $? = 0
configure:3660: gcc -V >&5
gcc: `-V' option must have argument
configure:3671: $? = 1
configure:3660: gcc -qversion >&5
gcc: unrecognized option `-qversion'
gcc: no input files
configure:3671: $? = 1
configure:3691: checking whether the C compiler works
configure:3713: gcc    conftest.c  >&5
configure:3717: $? = 0
configure:3765: result: yes
configure:3768: checking for C compiler default output file name
configure:3770: result: a.exe
configure:3776: checking for suffix of executables
configure:3783: gcc -o conftest.exe    conftest.c  >&5
configure:3787: $? = 0
configure:3809: result: .exe
configure:3831: checking whether we are cross compiling
configure:3839: gcc -o conftest.exe    conftest.c  >&5
configure:3843: $? = 0
configure:3850: ./conftest.exe
configure:3854: $? = 0
configure:3869: result: no
configure:3874: checking for suffix of object files
configure:3896: gcc -c   conftest.c >&5
configure:3900: $? = 0
configure:3921: result: o
configure:3925: checking whether we are using the GNU C compiler
configure:3944: gcc -c   conftest.c >&5
configure:3944: $? = 0
configure:3953: result: yes
configure:3962: checking whether gcc accepts -g
configure:3982: gcc -c -g  conftest.c >&5
configure:3982: $? = 0
configure:4023: result: yes
configure:4040: checking for gcc option to accept ISO C89
configure:4104: gcc  -c -g -O2  conftest.c >&5
configure:4104: $? = 0
configure:4117: result: none needed
configure:4195: checking for g++
configure:4211: found /usr/bin/g++
configure:4222: result: g++
configure:4249: checking for C++ compiler version
configure:4258: g++ --version >&5
g++ (GCC) 3.4.4 (cygming special, gdc 0.12, using dmd 0.125)
Copyright (C) 2004 Free Software Foundation, Inc.
This is free software; see the source for copying conditions.  There is NO
warranty; not even for MERCHANTABILITY or FITNESS FOR A PARTICULAR PURPOSE.

configure:4269: $? = 0
configure:4258: g++ -v >&5
Reading specs from /usr/lib/gcc/i686-pc-cygwin/3.4.4/specs
Configured with: /managed/gcc-build/final-v3-bootstrap/gcc-3.4.4-999/configure --verbose --program-suffix=-3 --prefix=/usr --exec-prefix=/usr --sysconfdir=/etc --libdir=/usr/lib --libexecdir=/usr/lib --mandir=/usr/share/man --infodir=/usr/share/info --enable-languages=c,ada,c++,d,f77,pascal,java,objc --enable-nls --without-included-gettext --enable-version-specific-runtime-libs --without-x --enable-libgcj --disable-java-awt --with-system-zlib --enable-interpreter --disable-libgcj-debug --enable-threads=posix --enable-java-gc=boehm --disable-win32-registry --enable-sjlj-exceptions --enable-hash-synchronization --enable-libstdcxx-debug
Thread model: posix
gcc version 3.4.4 (cygming special, gdc 0.12, using dmd 0.125)
configure:4269: $? = 0
configure:4258: g++ -V >&5
g++: `-V' option must have argument
configure:4269: $? = 1
configure:4258: g++ -qversion >&5
g++: unrecognized option `-qversion'
g++: no input files
configure:4269: $? = 1
configure:4273: checking whether we are using the GNU C++ compiler
configure:4292: g++ -c   conftest.cpp >&5
configure:4292: $? = 0
configure:4301: result: yes
configure:4310: checking whether g++ accepts -g
configure:4330: g++ -c -g  conftest.cpp >&5
configure:4330: $? = 0
configure:4371: result: yes
configure:4394: checking whether make sets $(MAKE)
configure:4416: result: yes
configure:19375: checking for pkg-config
configure:19406: result: not_found
configure:19415: checking for X
configure:19593: result: disabled
configure:20100: checking whether byte ordering is bigendian
configure:20115: gcc -c -g -O2  conftest.c >&5
conftest.c:11: error: parse error before "a"
conftest.c:13: error: syntax error before "typedef"
configure:20115: $? = 1
configure: failed program was:
| /* confdefs.h */
| #define PACKAGE_NAME ""
| #define PACKAGE_TARNAME ""
| #define PACKAGE_VERSION ""
| #define PACKAGE_STRING ""
| #define PACKAGE_BUGREPORT ""
| #define PACKAGE_URL ""
| #define X_DISPLAY_MISSING 1
| /* end confdefs.h.  */
| #ifndef __APPLE_CC__
| 	       not a universal capable compiler
| 	     #endif
| 	     typedef int dummy;
| 
configure:20160: gcc -c -g -O2  conftest.c >&5
configure:20160: $? = 0
configure:20178: gcc -c -g -O2  conftest.c >&5
conftest.c: In function `main':
conftest.c:17: error: `not' undeclared (first use in this function)
conftest.c:17: error: (Each undeclared identifier is reported only once
conftest.c:17: error: for each function it appears in.)
conftest.c:17: error: parse error before "big"
configure:20178: $? = 1
configure: failed program was:
| /* confdefs.h */
| #define PACKAGE_NAME ""
| #define PACKAGE_TARNAME ""
| #define PACKAGE_VERSION ""
| #define PACKAGE_STRING ""
| #define PACKAGE_BUGREPORT ""
| #define PACKAGE_URL ""
| #define X_DISPLAY_MISSING 1
| /* end confdefs.h.  */
| #include <sys/types.h>
| 		#include <sys/param.h>
| 
| int
| main ()
| {
| #if BYTE_ORDER != BIG_ENDIAN
| 		 not big endian
| 		#endif
| 
|   ;
|   return 0;
| }
configure:20306: result: no
configure:20324: checking for inline
configure:20340: gcc -c -g -O2  conftest.c >&5
configure:20340: $? = 0
configure:20348: result: inline
configure:20370: checking size of unsigned char
configure:20375: gcc -o conftest.exe -g -O2   conftest.c  >&5
configure:20375: $? = 0
configure:20375: ./conftest.exe
configure:20375: $? = 0
configure:20389: result: 1
configure:20403: checking size of unsigned short
configure:20408: gcc -o conftest.exe -g -O2   conftest.c  >&5
configure:20408: $? = 0
configure:20408: ./conftest.exe
configure:20408: $? = 0
configure:20422: result: 2
configure:20436: checking size of unsigned int
configure:20441: gcc -o conftest.exe -g -O2   conftest.c  >&5
configure:20441: $? = 0
configure:20441: ./conftest.exe
configure:20441: $? = 0
configure:20455: result: 4
configure:20469: checking size of unsigned long
configure:20474: gcc -o conftest.exe -g -O2   conftest.c  >&5
configure:20474: $? = 0
configure:20474: ./conftest.exe
configure:20474: $? = 0
configure:20488: result: 4
configure:20502: checking size of unsigned long long
configure:20507: gcc -o conftest.exe -g -O2   conftest.c  >&5
configure:20507: $? = 0
configure:20507: ./conftest.exe
configure:20507: $? = 0
configure:20521: result: 8
configure:20535: checking size of int *
configure:20540: gcc -o conftest.exe -g -O2   conftest.c  >&5
configure:20540: $? = 0
configure:20540: ./conftest.exe
configure:20540: $? = 0
configure:20554: result: 4
configure:20566: checking for getenv
configure:20566: gcc -o conftest.exe -g -O2   conftest.c  >&5
configure:20566: $? = 0
configure:20566: result: yes
configure:20578: checking for setenv
configure:20578: gcc -o conftest.exe -g -O2   conftest.c  >&5
configure:20578: $? = 0
configure:20578: result: yes
configure:20590: checking for snprintf
configure:20590: gcc -o conftest.exe -g -O2   conftest.c  >&5
conftest.c:43: warning: conflicting types for built-in function 'snprintf'
configure:20590: $? = 0
configure:20590: result: yes
configure:20602: checking for vsnprintf
configure:20602: gcc -o conftest.exe -g -O2   conftest.c  >&5
conftest.c:45: warning: conflicting types for built-in function 'vsnprintf'
configure:20602: $? = 0
configure:20602: result: yes
configure:20886: checking for sleep
configure:20886: gcc -o conftest.exe -g -O2   conftest.c  >&5
configure:20886: $? = 0
configure:20886: result: yes
configure:20898: checking for nanosleep
configure:20898: gcc -o conftest.exe -g -O2   conftest.c  >&5
configure:20898: $? = 0
configure:20898: result: yes
configure:20910: checking for abort
configure:20910: gcc -o conftest.exe -g -O2   conftest.c  >&5
conftest.c:68: warning: conflicting types for built-in function 'abort'
configure:20910: $? = 0
configure:20910: result: yes
configure:20920: checking for struct sockaddr_in.sin_len
configure:20920: gcc -c -g -O2  conftest.c >&5
conftest.c: In function `main':
conftest.c:54: error: structure has no member named `sin_len'
configure:20920: $? = 1
configure: failed program was:
| /* confdefs.h */
| #define PACKAGE_NAME ""
| #define PACKAGE_TARNAME ""
| #define PACKAGE_VERSION ""
| #define PACKAGE_STRING ""
| #define PACKAGE_BUGREPORT ""
| #define PACKAGE_URL ""
| #define X_DISPLAY_MISSING 1
| #define SIZEOF_UNSIGNED_CHAR 1
| #define SIZEOF_UNSIGNED_SHORT 2
| #define SIZEOF_UNSIGNED_INT 4
| #define SIZEOF_UNSIGNED_LONG 4
| #define SIZEOF_UNSIGNED_LONG_LONG 8
| #define SIZEOF_INT_P 4
| #define HAVE_GETENV 1
| #define BX_HAVE_GETENV 1
| #define HAVE_SETENV 1
| #define BX_HAVE_SETENV 1
| #define HAVE_SNPRINTF 1
| #define BX_HAVE_SNPRINTF 1
| #define HAVE_VSNPRINTF 1
| #define BX_HAVE_VSNPRINTF 1
| #define BX_HAVE_SELECT 1
| #define BX_HAVE_SOCKLEN_T 0
| #define BX_HAVE_STRTOULL 1
| #define BX_HAVE_STRTOUQ 0
| #define BX_HAVE_STRDUP 1
| #define BX_HAVE_STRREV 1
| #define BX_HAVE_STRICMP 1
| #define BX_HAVE_STRCASECMP 0
| #define BX_HAVE_MKSTEMP 0
| #define BX_HAVE_SYS_MMAN_H 0
| #define BX_HAVE_GETTIMEOFDAY 0
| #define BX_HAVE_USLEEP 0
| #define BX_HAVE___BUILTIN_BSWAP32 0
| #define BX_HAVE___BUILTIN_BSWAP64 0
| #define BX_HAVE_TMPFILE64 0
| #define BX_HAVE_FSEEK64 0
| #define BX_HAVE_FSEEKO64 0
| #define HAVE_SLEEP 1
| #define BX_HAVE_SLEEP 1
| #define HAVE_NANOSLEEP 1
| #define BX_HAVE_NANOSLEEP 1
| #define HAVE_ABORT 1
| #define BX_HAVE_ABORT 1
| /* end confdefs.h.  */
| #include <sys/socket.h>
| #include <netinet/in.h>
| 
| int
| main ()
| {
| static struct sockaddr_in ac_aggr;
| if (ac_aggr.sin_len)
| return 0;
|   ;
|   return 0;
| }
configure:20920: gcc -c -g -O2  conftest.c >&5
conftest.c: In function `main':
conftest.c:54: error: structure has no member named `sin_len'
configure:20920: $? = 1
configure: failed program was:
| /* confdefs.h */
| #define PACKAGE_NAME ""
| #define PACKAGE_TARNAME ""
| #define PACKAGE_VERSION ""
| #define PACKAGE_STRING ""
| #define PACKAGE_BUGREPORT ""
| #define PACKAGE_URL ""
| #define X_DISPLAY_MISSING 1
| #define SIZEOF_UNSIGNED_CHAR 1
| #define SIZEOF_UNSIGNED_SHORT 2
| #define SIZEOF_UNSIGNED_INT 4
| #define SIZEOF_UNSIGNED_LONG 4
| #define SIZEOF_UNSIGNED_LONG_LONG 8
| #define SIZEOF_INT_P 4
| #define HAVE_GETENV 1
| #define BX_HAVE_GETENV 1
| #define HAVE_SETENV 1
| #define BX_HAVE_SETENV 1
| #define HAVE_SNPRINTF 1
| #define BX_HAVE_SNPRINTF 1
| #define HAVE_VSNPRINTF 1
| #define BX_HAVE_VSNPRINTF 1
| #define BX_HAVE_SELECT 1
| #define BX_HAVE_SOCKLEN_T 0
| #define BX_HAVE_STRTOULL 1
| #define BX_HAVE_STRTOUQ 0
| #define BX_HAVE_STRDUP 1
| #define BX_HAVE_STRREV 1
| #define BX_HAVE_STRICMP 1
| #define BX_HAVE_STRCASECMP 0
| #define BX_HAVE_MKSTEMP 0
| #define BX_HAVE_SYS_MMAN_H 0
| #define BX_HAVE_GETTIMEOFDAY 0
| #define BX_HAVE_USLEEP 0
| #define BX_HAVE___BUILTIN_BSWAP32 0
| #define BX_HAVE___BUILTIN_BSWAP64 0
| #define BX_HAVE_TMPFILE64 0
| #define BX_HAVE_FSEEK64 0
| #define BX_HAVE_FSEEKO64 0
| #define HAVE_SLEEP 1
| #define BX_HAVE_SLEEP 1
| #define HAVE_NANOSLEEP 1
| #define BX_HAVE_NANOSLEEP 1
| #define HAVE_ABORT 1
| #define BX_HAVE_ABORT 1
| /* end confdefs.h.  */
| #include <sys/socket.h>
| #include <netinet/in.h>
| 
| int
| main ()
| {
| static struct sockaddr_in ac_aggr;
| if (sizeof ac_aggr.sin_len)
| return 0;
|   ;
|   return 0;
| }
configure:20920: result: no
configure:20930: checking for timelocal
configure:20930: gcc -o conftest.exe -g -O2   conftest.c  >&5
configure:20930: $? = 0
configure:20930: result: yes
configure:20942: checking for gmtime
configure:20942: gcc -o conftest.exe -g -O2   conftest.c  >&5
configure:20942: $? = 0
configure:20942: result: yes
configure:20954: checking for mktime
configure:20954: gcc -o conftest.exe -g -O2   conftest.c  >&5
configure:20954: $? = 0
configure:20954: result: yes
configure:20973: checking for _FILE_OFFSET_BITS value needed for large files
configure:20994: gcc -c -g -O2  conftest.c >&5
configure:20994: $? = 0
configure:21003: result: 64
configure:21059: checking if large file support is available
configure:21065: result: yes
configure:21088: checking for cos
configure:21088: gcc -o conftest.exe -g -O2 -D_FILE_OFFSET_BITS=64 -D_LARGE_FILES  -D_FILE_OFFSET_BITS=64 -D_LARGE_FILES  conftest.c  >&5
conftest.c:78: warning: conflicting types for built-in function 'cos'
configure:21088: $? = 0
configure:21088: result: yes
configure:21099: checking for floor
configure:21099: gcc -o conftest.exe -g -O2 -D_FILE_OFFSET_BITS=64 -D_LARGE_FILES  -D_FILE_OFFSET_BITS=64 -D_LARGE_FILES  conftest.c  >&5
conftest.c:79: warning: conflicting types for built-in function 'floor'
configure:21099: $? = 0
configure:21099: result: yes
configure:21108: checking if math functions link without -lm
configure:21111: result: yes
configure:21155: checking if compiler allows __attribute__
configure:21168: gcc -c -g -O2 -D_FILE_OFFSET_BITS=64 -D_LARGE_FILES  -D_FILE_OFFSET_BITS=64 -D_LARGE_FILES conftest.c >&5
configure:21168: $? = 0
configure:21169: result: yes
configure:21188: checking for set
configure:21201: g++ -c -g -O2 -D_FILE_OFFSET_BITS=64 -D_LARGE_FILES  -D_FILE_OFFSET_BITS=64 -D_LARGE_FILES conftest.cpp >&5
configure:21201: $? = 0
configure:21203: result: yes
configure:21213: checking for set.h
configure:21226: g++ -c -g -O2 -D_FILE_OFFSET_BITS=64 -D_LARGE_FILES  -D_FILE_OFFSET_BITS=64 -D_LARGE_FILES conftest.cpp >&5
In file included from /usr/lib/gcc/i686-pc-cygwin/3.4.4/include/c++/backward/set.h:59,
                 from conftest.cpp:58:
/usr/lib/gcc/i686-pc-cygwin/3.4.4/include/c++/backward/backward_warning.h:32:2: warning: #warning This file includes at least one deprecated or antiquated header. Please consider using one of the 32 headers found in section 17.4.1.2 of the C++ standard. Examples include substituting the <X> header for the <X.h> header for C++ includes, or <iostream> instead of the deprecated header <iostream.h>. To disable this warning use -Wno-deprecated.
configure:21226: $? = 0
configure:21228: result: yes
configure:21238: checking for map
configure:21251: g++ -c -g -O2 -D_FILE_OFFSET_BITS=64 -D_LARGE_FILES  -D_FILE_OFFSET_BITS=64 -D_LARGE_FILES conftest.cpp >&5
configure:21251: $? = 0
configure:21253: result: yes
configure:21263: checking for map.h
configure:21276: g++ -c -g -O2 -D_FILE_OFFSET_BITS=64 -D_LARGE_FILES  -D_FILE_OFFSET_BITS=64 -D_LARGE_FILES conftest.cpp >&5
In file included from /usr/lib/gcc/i686-pc-cygwin/3.4.4/include/c++/backward/map.h:59,
                 from conftest.cpp:60:
/usr/lib/gcc/i686-pc-cygwin/3.4.4/include/c++/backward/backward_warning.h:32:2: warning: #warning This file includes at least one deprecated or antiquated header. Please consider using one of the 32 headers found in section 17.4.1.2 of the C++ standard. Examples include substituting the <X> header for the <X.h> header for C++ includes, or <iostream> instead of the deprecated header <iostream.h>. To disable this warning use -Wno-deprecated.
configure:21276: $? = 0
configure:21278: result: yes
configure:21559: checking for idle hack
configure:21576: result: no
configure:21586: checking dlfcn.h usability
configure:21586: gcc -c -g -O2 -D_FILE_OFFSET_BITS=64 -D_LARGE_FILES  -D_FILE_OFFSET_BITS=64 -D_LARGE_FILES conftest.c >&5
configure:21586: $? = 0
configure:21586: result: yes
configure:21586: checking dlfcn.h presence
configure:21586:   -D_FILE_OFFSET_BITS=64 -D_LARGE_FILES conftest.c
./configure: line 1974: -D_FILE_OFFSET_BITS=64: command not found
configure:21586: $? = 127
configure: failed program was:
| /* confdefs.h */
| #define PACKAGE_NAME ""
| #define PACKAGE_TARNAME ""
| #define PACKAGE_VERSION ""
| #define PACKAGE_STRING ""
| #define PACKAGE_BUGREPORT ""
| #define PACKAGE_URL ""
| #define X_DISPLAY_MISSING 1
| #define SIZEOF_UNSIGNED_CHAR 1
| #define SIZEOF_UNSIGNED_SHORT 2
| #define SIZEOF_UNSIGNED_INT 4
| #define SIZEOF_UNSIGNED_LONG 4
| #define SIZEOF_UNSIGNED_LONG_LONG 8
| #define SIZEOF_INT_P 4
| #define HAVE_GETENV 1
| #define BX_HAVE_GETENV 1
| #define HAVE_SETENV 1
| #define BX_HAVE_SETENV 1
| #define HAVE_SNPRINTF 1
| #define BX_HAVE_SNPRINTF 1
| #define HAVE_VSNPRINTF 1
| #define BX_HAVE_VSNPRINTF 1
| #define BX_HAVE_SELECT 1
| #define BX_HAVE_SOCKLEN_T 0
| #define BX_HAVE_STRTOULL 1
| #define BX_HAVE_STRTOUQ 0
| #define BX_HAVE_STRDUP 1
| #define BX_HAVE_STRREV 1
| #define BX_HAVE_STRICMP 1
| #define BX_HAVE_STRCASECMP 0
| #define BX_HAVE_MKSTEMP 0
| #define BX_HAVE_SYS_MMAN_H 0
| #define BX_HAVE_GETTIMEOFDAY 0
| #define BX_HAVE_USLEEP 0
| #define BX_HAVE___BUILTIN_BSWAP32 0
| #define BX_HAVE___BUILTIN_BSWAP64 0
| #define BX_HAVE_TMPFILE64 0
| #define BX_HAVE_FSEEK64 0
| #define BX_HAVE_FSEEKO64 0
| #define HAVE_SLEEP 1
| #define BX_HAVE_SLEEP 1
| #define HAVE_NANOSLEEP 1
| #define BX_HAVE_NANOSLEEP 1
| #define HAVE_ABORT 1
| #define BX_HAVE_ABORT 1
| #define HAVE_TIMELOCAL 1
| #define BX_HAVE_TIMELOCAL 1
| #define HAVE_GMTIME 1
| #define BX_HAVE_GMTIME 1
| #define HAVE_MKTIME 1
| #define BX_HAVE_MKTIME 1
| #define _FILE_OFFSET_BITS 64
| #define HAVE_LARGEFILE_SUPPORT 1
| #define HAVE_COS 1
| #define HAVE_FLOOR 1
| #define BX_HAVE_SET 1
| #define BX_HAVE_SET_H 1
| #define BX_HAVE_MAP 1
| #define BX_HAVE_MAP_H 1
| #define BX_USE_IDLE_HACK 0
| /* end confdefs.h.  */
| #include <dlfcn.h>
configure:21586: result: no
configure:21586: WARNING: dlfcn.h: accepted by the compiler, rejected by the preprocessor!
configure:21586: WARNING: dlfcn.h: proceeding with the compiler's result
configure:21586: checking for dlfcn.h
configure:21586: result: yes
configure:21593: checking assert.h usability
configure:21593: gcc -c -g -O2 -D_FILE_OFFSET_BITS=64 -D_LARGE_FILES  -D_FILE_OFFSET_BITS=64 -D_LARGE_FILES conftest.c >&5
configure:21593: $? = 0
configure:21593: result: yes
configure:21593: checking assert.h presence
configure:21593:   -D_FILE_OFFSET_BITS=64 -D_LARGE_FILES conftest.c
./configure: line 1974: -D_FILE_OFFSET_BITS=64: command not found
configure:21593: $? = 127
configure: failed program was:
| /* confdefs.h */
| #define PACKAGE_NAME ""
| #define PACKAGE_TARNAME ""
| #define PACKAGE_VERSION ""
| #define PACKAGE_STRING ""
| #define PACKAGE_BUGREPORT ""
| #define PACKAGE_URL ""
| #define X_DISPLAY_MISSING 1
| #define SIZEOF_UNSIGNED_CHAR 1
| #define SIZEOF_UNSIGNED_SHORT 2
| #define SIZEOF_UNSIGNED_INT 4
| #define SIZEOF_UNSIGNED_LONG 4
| #define SIZEOF_UNSIGNED_LONG_LONG 8
| #define SIZEOF_INT_P 4
| #define HAVE_GETENV 1
| #define BX_HAVE_GETENV 1
| #define HAVE_SETENV 1
| #define BX_HAVE_SETENV 1
| #define HAVE_SNPRINTF 1
| #define BX_HAVE_SNPRINTF 1
| #define HAVE_VSNPRINTF 1
| #define BX_HAVE_VSNPRINTF 1
| #define BX_HAVE_SELECT 1
| #define BX_HAVE_SOCKLEN_T 0
| #define BX_HAVE_STRTOULL 1
| #define BX_HAVE_STRTOUQ 0
| #define BX_HAVE_STRDUP 1
| #define BX_HAVE_STRREV 1
| #define BX_HAVE_STRICMP 1
| #define BX_HAVE_STRCASECMP 0
| #define BX_HAVE_MKSTEMP 0
| #define BX_HAVE_SYS_MMAN_H 0
| #define BX_HAVE_GETTIMEOFDAY 0
| #define BX_HAVE_USLEEP 0
| #define BX_HAVE___BUILTIN_BSWAP32 0
| #define BX_HAVE___BUILTIN_BSWAP64 0
| #define BX_HAVE_TMPFILE64 0
| #define BX_HAVE_FSEEK64 0
| #define BX_HAVE_FSEEKO64 0
| #define HAVE_SLEEP 1
| #define BX_HAVE_SLEEP 1
| #define HAVE_NANOSLEEP 1
| #define BX_HAVE_NANOSLEEP 1
| #define HAVE_ABORT 1
| #define BX_HAVE_ABORT 1
| #define HAVE_TIMELOCAL 1
| #define BX_HAVE_TIMELOCAL 1
| #define HAVE_GMTIME 1
| #define BX_HAVE_GMTIME 1
| #define HAVE_MKTIME 1
| #define BX_HAVE_MKTIME 1
| #define _FILE_OFFSET_BITS 64
| #define HAVE_LARGEFILE_SUPPORT 1
| #define HAVE_COS 1
| #define HAVE_FLOOR 1
| #define BX_HAVE_SET 1
| #define BX_HAVE_SET_H 1
| #define BX_HAVE_MAP 1
| #define BX_HAVE_MAP_H 1
| #define BX_USE_IDLE_HACK 0
| #define BX_HAVE_DLFCN_H 1
| /* end confdefs.h.  */
| #include <assert.h>
configure:21593: result: no
configure:21593: WARNING: assert.h: accepted by the compiler, rejected by the preprocessor!
configure:21593: WARNING: assert.h: proceeding with the compiler's result
configure:21593: checking for assert.h
configure:21593: result: yes
configure:21601: checking for plugins support
configure:21686: result: no
configure:21761: checking if compiler allows LL for 64-bit constants
configure:21774: gcc -c -g -O2 -D_FILE_OFFSET_BITS=64 -D_LARGE_FILES  -D_FILE_OFFSET_BITS=64 -D_LARGE_FILES conftest.c >&5
configure:21774: $? = 0
configure:21775: result: yes
configure:21787: checking for A20 support
configure:21805: result: yes
configure:21815: checking for x86-64 support
configure:21820: result: yes
configure:21848: checking for SMP support
configure:21869: result: no
configure:21878: checking for cpu level
configure:21902: result: 6
configure:21935: checking for larger than 32 bit physical address emulation
configure:21954: result: yes
configure:21969: checking for large ramfile support
configure:21986: result: yes
configure:21998: checking for NE2000 support
configure:22003: result: yes
configure:22026: checking for i440FX PCI support
configure:22031: result: yes
configure:22062: checking for PCI host device mapping support
configure:22122: result: no
configure:22133: checking for USB UHCI support
configure:22138: result: yes
configure:22161: checking for USB OHCI support
configure:22166: result: yes
configure:22189: checking for experimental USB xHCI support
configure:22208: result: no
configure:22231: checking for PCI pseudo NIC support
configure:22250: result: no
configure:22259: checking for Intel(R) Gigabit Ethernet support
configure:22264: result: yes
configure:22444: checking for repeated IO and mem copy speedups
configure:22459: result: no
configure:22467: checking for gcc fast function calls optimization
configure:22482: result: no
configure:22490: checking for handlers chaining speedups
configure:22505: result: no
configure:22513: checking support for configurable MSR registers
configure:22531: result: yes
configure:22546: checking show IPS
configure:22551: result: yes
configure:22572: checking for use of .cpp as suffix
configure:22589: result: no
configure:22617: checking for Bochs internal debugger support
configure:22733: result: no
configure:22745: checking for disassembler support
configure:22768: result: yes
configure:22778: checking enable Bochs internal debugger GUI
configure:22804: result: no
configure:22816: checking for gdb stub enable
configure:22839: result: no
configure:22851: checking for I/O Interface to the debugger
configure:22879: result: no
configure:22889: checking for ALL optimizations enabled
configure:22894: result: yes
configure:22964: checking whether user wants readline
configure:22973: result: no
configure:22988: checking whether to use readline
configure:23080: result: no
configure:23085: checking readline/history.h usability
configure:23085: gcc -c -g -O2 -D_FILE_OFFSET_BITS=64 -D_LARGE_FILES  -D_FILE_OFFSET_BITS=64 -D_LARGE_FILES conftest.c >&5
configure:23085: $? = 0
configure:23085: result: yes
configure:23085: checking readline/history.h presence
configure:23085:   -D_FILE_OFFSET_BITS=64 -D_LARGE_FILES conftest.c
./configure: line 1974: -D_FILE_OFFSET_BITS=64: command not found
configure:23085: $? = 127
configure: failed program was:
| /* confdefs.h */
| #define PACKAGE_NAME ""
| #define PACKAGE_TARNAME ""
| #define PACKAGE_VERSION ""
| #define PACKAGE_STRING ""
| #define PACKAGE_BUGREPORT ""
| #define PACKAGE_URL ""
| #define X_DISPLAY_MISSING 1
| #define SIZEOF_UNSIGNED_CHAR 1
| #define SIZEOF_UNSIGNED_SHORT 2
| #define SIZEOF_UNSIGNED_INT 4
| #define SIZEOF_UNSIGNED_LONG 4
| #define SIZEOF_UNSIGNED_LONG_LONG 8
| #define SIZEOF_INT_P 4
| #define HAVE_GETENV 1
| #define BX_HAVE_GETENV 1
| #define HAVE_SETENV 1
| #define BX_HAVE_SETENV 1
| #define HAVE_SNPRINTF 1
| #define BX_HAVE_SNPRINTF 1
| #define HAVE_VSNPRINTF 1
| #define BX_HAVE_VSNPRINTF 1
| #define BX_HAVE_SELECT 1
| #define BX_HAVE_SOCKLEN_T 0
| #define BX_HAVE_STRTOULL 1
| #define BX_HAVE_STRTOUQ 0
| #define BX_HAVE_STRDUP 1
| #define BX_HAVE_STRREV 1
| #define BX_HAVE_STRICMP 1
| #define BX_HAVE_STRCASECMP 0
| #define BX_HAVE_MKSTEMP 0
| #define BX_HAVE_SYS_MMAN_H 0
| #define BX_HAVE_GETTIMEOFDAY 0
| #define BX_HAVE_USLEEP 0
| #define BX_HAVE___BUILTIN_BSWAP32 0
| #define BX_HAVE___BUILTIN_BSWAP64 0
| #define BX_HAVE_TMPFILE64 0
| #define BX_HAVE_FSEEK64 0
| #define BX_HAVE_FSEEKO64 0
| #define HAVE_SLEEP 1
| #define BX_HAVE_SLEEP 1
| #define HAVE_NANOSLEEP 1
| #define BX_HAVE_NANOSLEEP 1
| #define HAVE_ABORT 1
| #define BX_HAVE_ABORT 1
| #define HAVE_TIMELOCAL 1
| #define BX_HAVE_TIMELOCAL 1
| #define HAVE_GMTIME 1
| #define BX_HAVE_GMTIME 1
| #define HAVE_MKTIME 1
| #define BX_HAVE_MKTIME 1
| #define _FILE_OFFSET_BITS 64
| #define HAVE_LARGEFILE_SUPPORT 1
| #define HAVE_COS 1
| #define HAVE_FLOOR 1
| #define BX_HAVE_SET 1
| #define BX_HAVE_SET_H 1
| #define BX_HAVE_MAP 1
| #define BX_HAVE_MAP_H 1
| #define BX_USE_IDLE_HACK 0
| #define BX_HAVE_DLFCN_H 1
| #define HAVE_ASSERT_H 1
| #define BX_PLUGINS 0
| #define BX_SUPPORT_A20 1
| #define BX_SUPPORT_X86_64 1
| #define BX_SUPPORT_SMP 0
| #define BX_CPU_LEVEL 6
| #define BX_PHY_ADDRESS_LONG 1
| #define BX_LARGE_RAMFILE 1
| #define BX_SUPPORT_NE2K 1
| #define BX_SUPPORT_PCI 1
| #define BX_SUPPORT_PCIDEV 0
| #define BX_SUPPORT_USB_UHCI 1
| #define BX_SUPPORT_USB_OHCI 1
| #define BX_SUPPORT_USB_XHCI 0
| #define BX_SUPPORT_PCIPNIC 0
| #define BX_SUPPORT_E1000 1
| #define BX_NETMOD_WIN32 1
| #define BX_NETWORKING 1
| #define BX_CONFIGURE_MSRS 1
| #define BX_SHOW_IPS 1
| #define BX_DEBUGGER 0
| #define BX_DISASM 1
| #define BX_DEBUGGER_GUI 0
| #define BX_GDBSTUB 0
| #define BX_SUPPORT_REPEAT_SPEEDUPS 1
| #define BX_FAST_FUNC_CALL 1
| #define BX_SUPPORT_HANDLERS_CHAINING_SPEEDUPS 1
| /* end confdefs.h.  */
| #include <readline/history.h>
configure:23085: result: no
configure:23085: WARNING: readline/history.h: accepted by the compiler, rejected by the preprocessor!
configure:23085: WARNING: readline/history.h: proceeding with the compiler's result
configure:23085: checking for readline/history.h
configure:23085: result: yes
configure:23096: checking for instrumentation support
configure:23122: result: no
configure:23145: checking enable logging
configure:23162: result: yes
configure:23171: checking enable assert checks
configure:23194: result: no
configure:23204: checking for raw serial support
configure:23221: result: no
configure:23230: checking for CLGD54XX emulation
configure:23235: result: yes
configure:23257: checking for FPU emulation
configure:23282: result: yes
configure:23294: checking for VMX support
configure:23328: result: no
configure:23346: checking for SVM support
configure:23365: result: no
configure:23382: checking for 3DNow! support
configure:23400: result: no
configure:23409: checking for alignment check support
configure:23428: result: yes
configure:23443: checking for misaligned SSE support
configure:23461: result: no
configure:23470: checking for MONITOR/MWAIT instructions support (experimental)
configure:23489: result: yes
configure:23505: checking for AVX instructions support
configure:23524: result: no
configure:23537: checking for x86 debugger support
configure:23555: result: no
configure:23564: checking for CDROM support
configure:23580: result: yes
configure:23629: checking for Sound Blaster 16 support
configure:23634: result: yes
configure:23659: checking for ES1370 soundcard support
configure:23664: result: yes
configure:23693: checking for sound lowlevel module
configure:23726: result: win
configure:23753: checking for additional sound lowlevel modules
configure:23763: result: none
configure:23780: checking for standard PC gameport support
configure:23809: result: yes
configure:23825: checking for docbook2html
configure:23856: result: not_found
configure:23864: checking whether to build docbook documentation
configure:23891: result: no
configure:24030: checking for wx-config
configure:24058: result: not_found
configure:24067: checking for wxWidgets configuration script
configure:24069: result: not_found
configure:24076: checking for wxWidgets library version
configure:24101: result: 
configure:24118: checking for default gui on this platform
configure:24120: result: win32
configure:24368: checking for display libraries
configure:24370: result:  rfb win32 nogui
configure:24434: checking for wget
configure:24464: result: no
configure:24434: checking for curl
configure:24464: result: no
configure:24434: checking for fetch
configure:24464: result: no
configure:24474: WARNING: cannot find wget (or equivalent) command
configure:24965: checking pthread.h usability
configure:24965: cl -c /nologo /MT /W3 /EHs-c- /DNDEBUG /DWIN32 /D_WINDOWS /D_CRT_SECURE_NO_WARNINGS /Ox  -D_FILE_OFFSET_BITS=64 -D_LARGE_FILES conftest.c >&5
Unable to open 'Hs-c-.c'
Open Watcom C/C++ CL Clone for 386  Version 1.7
Portions Copyright (c) 1995-2002 Sybase, Inc. All Rights Reserved.
Source code is available under the Sybase Open Watcom Public License.
See http://www.openwatcom.org/ for details.
Warning: Unrecognized file type 'Hs-c-' -- source file assumed
Hs-c-
configure:24965: $? = 255
configure: failed program was:
| /* confdefs.h */
| #define PACKAGE_NAME ""
| #define PACKAGE_TARNAME ""
| #define PACKAGE_VERSION ""
| #define PACKAGE_STRING ""
| #define PACKAGE_BUGREPORT ""
| #define PACKAGE_URL ""
| #define X_DISPLAY_MISSING 1
| #define SIZEOF_UNSIGNED_CHAR 1
| #define SIZEOF_UNSIGNED_SHORT 2
| #define SIZEOF_UNSIGNED_INT 4
| #define SIZEOF_UNSIGNED_LONG 4
| #define SIZEOF_UNSIGNED_LONG_LONG 8
| #define SIZEOF_INT_P 4
| #define HAVE_GETENV 1
| #define BX_HAVE_GETENV 1
| #define HAVE_SETENV 1
| #define BX_HAVE_SETENV 1
| #define HAVE_SNPRINTF 1
| #define BX_HAVE_SNPRINTF 1
| #define HAVE_VSNPRINTF 1
| #define BX_HAVE_VSNPRINTF 1
| #define BX_HAVE_SELECT 1
| #define BX_HAVE_SOCKLEN_T 0
| #define BX_HAVE_STRTOULL 1
| #define BX_HAVE_STRTOUQ 0
| #define BX_HAVE_STRDUP 1
| #define BX_HAVE_STRREV 1
| #define BX_HAVE_STRICMP 1
| #define BX_HAVE_STRCASECMP 0
| #define BX_HAVE_MKSTEMP 0
| #define BX_HAVE_SYS_MMAN_H 0
| #define BX_HAVE_GETTIMEOFDAY 0
| #define BX_HAVE_USLEEP 0
| #define BX_HAVE___BUILTIN_BSWAP32 0
| #define BX_HAVE___BUILTIN_BSWAP64 0
| #define BX_HAVE_TMPFILE64 0
| #define BX_HAVE_FSEEK64 0
| #define BX_HAVE_FSEEKO64 0
| #define HAVE_SLEEP 1
| #define BX_HAVE_SLEEP 1
| #define HAVE_NANOSLEEP 1
| #define BX_HAVE_NANOSLEEP 1
| #define HAVE_ABORT 1
| #define BX_HAVE_ABORT 1
| #define HAVE_TIMELOCAL 1
| #define BX_HAVE_TIMELOCAL 1
| #define HAVE_GMTIME 1
| #define BX_HAVE_GMTIME 1
| #define HAVE_MKTIME 1
| #define BX_HAVE_MKTIME 1
| #define _FILE_OFFSET_BITS 64
| #define HAVE_LARGEFILE_SUPPORT 1
| #define HAVE_COS 1
| #define HAVE_FLOOR 1
| #define BX_HAVE_SET 1
| #define BX_HAVE_SET_H 1
| #define BX_HAVE_MAP 1
| #define BX_HAVE_MAP_H 1
| #define BX_USE_IDLE_HACK 0
| #define BX_HAVE_DLFCN_H 1
| #define HAVE_ASSERT_H 1
| #define BX_PLUGINS 0
| #define BX_SUPPORT_A20 1
| #define BX_SUPPORT_X86_64 1
| #define BX_SUPPORT_SMP 0
| #define BX_CPU_LEVEL 6
| #define BX_PHY_ADDRESS_LONG 1
| #define BX_LARGE_RAMFILE 1
| #define BX_SUPPORT_NE2K 1
| #define BX_SUPPORT_PCI 1
| #define BX_SUPPORT_PCIDEV 0
| #define BX_SUPPORT_USB_UHCI 1
| #define BX_SUPPORT_USB_OHCI 1
| #define BX_SUPPORT_USB_XHCI 0
| #define BX_SUPPORT_PCIPNIC 0
| #define BX_SUPPORT_E1000 1
| #define BX_NETMOD_WIN32 1
| #define BX_NETWORKING 1
| #define BX_CONFIGURE_MSRS 1
| #define BX_SHOW_IPS 1
| #define BX_DEBUGGER 0
| #define BX_DISASM 1
| #define BX_DEBUGGER_GUI 0
| #define BX_GDBSTUB 0
| #define BX_SUPPORT_REPEAT_SPEEDUPS 1
| #define BX_FAST_FUNC_CALL 1
| #define BX_SUPPORT_HANDLERS_CHAINING_SPEEDUPS 1
| #define HAVE_READLINE_HISTORY_H 1
| #define BX_INSTRUMENTATION 0
| #define BX_NO_LOGGING 0
| #define BX_ASSERT_ENABLE 0
| #define USE_RAW_SERIAL 0
| #define BX_SUPPORT_CLGD54XX 1
| #define BX_SUPPORT_FPU 1
| #define BX_SUPPORT_VMX 0
| #define BX_SUPPORT_SVM 0
| #define BX_SUPPORT_3DNOW 0
| #define BX_SUPPORT_ALIGNMENT_CHECK 1
| #define BX_SUPPORT_MISALIGNED_SSE 0
| #define BX_SUPPORT_MONITOR_MWAIT 1
| #define BX_SUPPORT_AVX 0
| #define BX_X86_DEBUGGER 0
| #define BX_SUPPORT_CDROM 1
| #define BX_SUPPORT_SB16 1
| #define BX_SUPPORT_ES1370 1
| #define BX_SUPPORT_SOUNDLOW 1
| #define BX_SOUND_LOWLEVEL_C bx_sound_windows_c
| #define BX_SUPPORT_GAMEPORT 1
| #define BX_WITH_RFB 1
| #define BX_WITH_WIN32 1
| #define BX_WITH_NOGUI 1
| #define BX_USE_TEXTCONFIG 1
| #define BX_64BIT_CONSTANTS_USE_LL 0
| #define inline __forceinline
| #define BX_NO_ATTRIBUTES 1
| #define HAVE_LIBREADLINE 0
| #define HAVE_READLINE_HISTORY_H 0
| #define BX_HAVE_DLFCN_H 0
| #define BX_NETMOD_TAP 0
| /* end confdefs.h.  */
| #include <stdio.h>
| #ifdef HAVE_SYS_TYPES_H
| # include <sys/types.h>
| #endif
| #ifdef HAVE_SYS_STAT_H
| # include <sys/stat.h>
| #endif
| #ifdef STDC_HEADERS
| # include <stdlib.h>
| # include <stddef.h>
| #else
| # ifdef HAVE_STDLIB_H
| #  include <stdlib.h>
| # endif
| #endif
| #ifdef HAVE_STRING_H
| # if !defined STDC_HEADERS && defined HAVE_MEMORY_H
| #  include <memory.h>
| # endif
| # include <string.h>
| #endif
| #ifdef HAVE_STRINGS_H
| # include <strings.h>
| #endif
| #ifdef HAVE_INTTYPES_H
| # include <inttypes.h>
| #endif
| #ifdef HAVE_STDINT_H
| # include <stdint.h>
| #endif
| #ifdef HAVE_UNISTD_H
| # include <unistd.h>
| #endif
| #include <pthread.h>
configure:24965: result: no
configure:24965: checking pthread.h presence
configure:24965:   -D_FILE_OFFSET_BITS=64 -D_LARGE_FILES conftest.c
./configure: line 1974: -D_FILE_OFFSET_BITS=64: command not found
configure:24965: $? = 127
configure: failed program was:
| /* confdefs.h */
| #define PACKAGE_NAME ""
| #define PACKAGE_TARNAME ""
| #define PACKAGE_VERSION ""
| #define PACKAGE_STRING ""
| #define PACKAGE_BUGREPORT ""
| #define PACKAGE_URL ""
| #define X_DISPLAY_MISSING 1
| #define SIZEOF_UNSIGNED_CHAR 1
| #define SIZEOF_UNSIGNED_SHORT 2
| #define SIZEOF_UNSIGNED_INT 4
| #define SIZEOF_UNSIGNED_LONG 4
| #define SIZEOF_UNSIGNED_LONG_LONG 8
| #define SIZEOF_INT_P 4
| #define HAVE_GETENV 1
| #define BX_HAVE_GETENV 1
| #define HAVE_SETENV 1
| #define BX_HAVE_SETENV 1
| #define HAVE_SNPRINTF 1
| #define BX_HAVE_SNPRINTF 1
| #define HAVE_VSNPRINTF 1
| #define BX_HAVE_VSNPRINTF 1
| #define BX_HAVE_SELECT 1
| #define BX_HAVE_SOCKLEN_T 0
| #define BX_HAVE_STRTOULL 1
| #define BX_HAVE_STRTOUQ 0
| #define BX_HAVE_STRDUP 1
| #define BX_HAVE_STRREV 1
| #define BX_HAVE_STRICMP 1
| #define BX_HAVE_STRCASECMP 0
| #define BX_HAVE_MKSTEMP 0
| #define BX_HAVE_SYS_MMAN_H 0
| #define BX_HAVE_GETTIMEOFDAY 0
| #define BX_HAVE_USLEEP 0
| #define BX_HAVE___BUILTIN_BSWAP32 0
| #define BX_HAVE___BUILTIN_BSWAP64 0
| #define BX_HAVE_TMPFILE64 0
| #define BX_HAVE_FSEEK64 0
| #define BX_HAVE_FSEEKO64 0
| #define HAVE_SLEEP 1
| #define BX_HAVE_SLEEP 1
| #define HAVE_NANOSLEEP 1
| #define BX_HAVE_NANOSLEEP 1
| #define HAVE_ABORT 1
| #define BX_HAVE_ABORT 1
| #define HAVE_TIMELOCAL 1
| #define BX_HAVE_TIMELOCAL 1
| #define HAVE_GMTIME 1
| #define BX_HAVE_GMTIME 1
| #define HAVE_MKTIME 1
| #define BX_HAVE_MKTIME 1
| #define _FILE_OFFSET_BITS 64
| #define HAVE_LARGEFILE_SUPPORT 1
| #define HAVE_COS 1
| #define HAVE_FLOOR 1
| #define BX_HAVE_SET 1
| #define BX_HAVE_SET_H 1
| #define BX_HAVE_MAP 1
| #define BX_HAVE_MAP_H 1
| #define BX_USE_IDLE_HACK 0
| #define BX_HAVE_DLFCN_H 1
| #define HAVE_ASSERT_H 1
| #define BX_PLUGINS 0
| #define BX_SUPPORT_A20 1
| #define BX_SUPPORT_X86_64 1
| #define BX_SUPPORT_SMP 0
| #define BX_CPU_LEVEL 6
| #define BX_PHY_ADDRESS_LONG 1
| #define BX_LARGE_RAMFILE 1
| #define BX_SUPPORT_NE2K 1
| #define BX_SUPPORT_PCI 1
| #define BX_SUPPORT_PCIDEV 0
| #define BX_SUPPORT_USB_UHCI 1
| #define BX_SUPPORT_USB_OHCI 1
| #define BX_SUPPORT_USB_XHCI 0
| #define BX_SUPPORT_PCIPNIC 0
| #define BX_SUPPORT_E1000 1
| #define BX_NETMOD_WIN32 1
| #define BX_NETWORKING 1
| #define BX_CONFIGURE_MSRS 1
| #define BX_SHOW_IPS 1
| #define BX_DEBUGGER 0
| #define BX_DISASM 1
| #define BX_DEBUGGER_GUI 0
| #define BX_GDBSTUB 0
| #define BX_SUPPORT_REPEAT_SPEEDUPS 1
| #define BX_FAST_FUNC_CALL 1
| #define BX_SUPPORT_HANDLERS_CHAINING_SPEEDUPS 1
| #define HAVE_READLINE_HISTORY_H 1
| #define BX_INSTRUMENTATION 0
| #define BX_NO_LOGGING 0
| #define BX_ASSERT_ENABLE 0
| #define USE_RAW_SERIAL 0
| #define BX_SUPPORT_CLGD54XX 1
| #define BX_SUPPORT_FPU 1
| #define BX_SUPPORT_VMX 0
| #define BX_SUPPORT_SVM 0
| #define BX_SUPPORT_3DNOW 0
| #define BX_SUPPORT_ALIGNMENT_CHECK 1
| #define BX_SUPPORT_MISALIGNED_SSE 0
| #define BX_SUPPORT_MONITOR_MWAIT 1
| #define BX_SUPPORT_AVX 0
| #define BX_X86_DEBUGGER 0
| #define BX_SUPPORT_CDROM 1
| #define BX_SUPPORT_SB16 1
| #define BX_SUPPORT_ES1370 1
| #define BX_SUPPORT_SOUNDLOW 1
| #define BX_SOUND_LOWLEVEL_C bx_sound_windows_c
| #define BX_SUPPORT_GAMEPORT 1
| #define BX_WITH_RFB 1
| #define BX_WITH_WIN32 1
| #define BX_WITH_NOGUI 1
| #define BX_USE_TEXTCONFIG 1
| #define BX_64BIT_CONSTANTS_USE_LL 0
| #define inline __forceinline
| #define BX_NO_ATTRIBUTES 1
| #define HAVE_LIBREADLINE 0
| #define HAVE_READLINE_HISTORY_H 0
| #define BX_HAVE_DLFCN_H 0
| #define BX_NETMOD_TAP 0
| /* end confdefs.h.  */
| #include <pthread.h>
configure:24965: result: no
configure:24965: checking for pthread.h
configure:24965: result: no
configure:25303: checking for APIC support (deprecated)
configure:25313: result: no
configure:25319: checking for X2APIC support (deprecated)
configure:25329: result: no
configure:25335: checking for VESA BIOS extensions (deprecated)
configure:25345: result: no
configure:25351: checking for ACPI extensions support (deprecated)
configure:25361: result: no
configure:25367: checking for instruction trace cache support (deprecated)
configure:25377: result: no
configure:25433: checking for gzip
configure:25451: found /usr/bin/gzip
configure:25463: result: /usr/bin/gzip
configure:25473: checking for tar
configure:25491: found /usr/bin/tar
configure:25503: result: /usr/bin/tar
configure:25629: creating ./config.status

## ---------------------- ##
## Running config.status. ##
## ---------------------- ##

This file was extended by config.status, which was
generated by GNU Autoconf 2.68.  Invocation command line was

  CONFIG_FILES    = 
  CONFIG_HEADERS  = 
  CONFIG_LINKS    = 
  CONFIG_COMMANDS = 
  $ ./config.status 

on Volker-Laptop

config.status:1075: creating Makefile
config.status:1075: creating iodev/Makefile
config.status:1075: creating iodev/hdimage/Makefile
config.status:1075: creating iodev/usb/Makefile
config.status:1075: creating iodev/network/Makefile
config.status:1075: creating iodev/sound/Makefile
config.status:1075: creating bx_debug/Makefile
config.status:1075: creating bios/Makefile
config.status:1075: creating cpu/Makefile
config.status:1075: creating cpu/cpudb/Makefile
config.status:1075: creating memory/Makefile
config.status:1075: creating gui/Makefile
config.status:1075: creating disasm/Makefile
config.status:1075: creating instrument/stubs/Makefile
config.status:1075: creating misc/Makefile
config.status:1075: creating fpu/Makefile
config.status:1075: creating doc/docbook/Makefile
config.status:1075: creating build/linux/bochs-dlx
config.status:1075: creating bxversion.h
config.status:1075: creating bxversion.rc
config.status:1075: creating build/macosx/Info.plist
config.status:1075: creating build/win32/nsis/Makefile
config.status:1075: creating build/win32/nsis/bochs.nsi
config.status:1075: creating host/linux/pcidev/Makefile
config.status:1075: creating config.h
config.status:1075: creating ltdlconf.h

## ---------------- ##
## Cache variables. ##
## ---------------- ##

ac_cv_build=i686-pc-cygwin
ac_cv_c_bigendian=no
ac_cv_c_compiler_gnu=yes
ac_cv_c_inline=inline
ac_cv_cxx_compiler_gnu=yes
ac_cv_env_CCC_set=
ac_cv_env_CCC_value=
ac_cv_env_CC_set=
ac_cv_env_CC_value=
ac_cv_env_CFLAGS_set=
ac_cv_env_CFLAGS_value=
ac_cv_env_CPPFLAGS_set=
ac_cv_env_CPPFLAGS_value=
ac_cv_env_CPP_set=
ac_cv_env_CPP_value=
ac_cv_env_CXXCPP_set=
ac_cv_env_CXXCPP_value=
ac_cv_env_CXXFLAGS_set=
ac_cv_env_CXXFLAGS_value=
ac_cv_env_CXX_set=
ac_cv_env_CXX_value=
ac_cv_env_F77_set=
ac_cv_env_F77_value=
ac_cv_env_FFLAGS_set=
ac_cv_env_FFLAGS_value=
ac_cv_env_LDFLAGS_set=
ac_cv_env_LDFLAGS_value=
ac_cv_env_LIBS_set=
ac_cv_env_LIBS_value=
ac_cv_env_XMKMF_set=
ac_cv_env_XMKMF_value=
ac_cv_env_build_alias_set=
ac_cv_env_build_alias_value=
ac_cv_env_host_alias_set=
ac_cv_env_host_alias_value=
ac_cv_env_target_alias_set=set
ac_cv_env_target_alias_value=pentium-windows
ac_cv_exeext=.exe
ac_cv_func_abort=yes
ac_cv_func_cos=yes
ac_cv_func_floor=yes
ac_cv_func_getenv=yes
ac_cv_func_gmtime=yes
ac_cv_func_mktime=yes
ac_cv_func_nanosleep=yes
ac_cv_func_setenv=yes
ac_cv_func_sleep=yes
ac_cv_func_snprintf=yes
ac_cv_func_timelocal=yes
ac_cv_func_vsnprintf=yes
ac_cv_header_assert_h=yes
ac_cv_header_dlfcn_h=yes
ac_cv_header_pthread_h=no
ac_cv_header_readline_history_h=yes
ac_cv_host=i686-pc-cygwin
ac_cv_member_struct_sockaddr_in_sin_len=no
ac_cv_objext=o
ac_cv_path_DOCBOOK2HTML=not_found
ac_cv_path_GZIP=/usr/bin/gzip
ac_cv_path_PKGCONFIG=not_found
ac_cv_path_TAR=/usr/bin/tar
ac_cv_prog_WX_CONFIG=not_found
ac_cv_prog_ac_ct_CC=gcc
ac_cv_prog_ac_ct_CXX=g++
ac_cv_prog_cc_c89=
ac_cv_prog_cc_g=yes
ac_cv_prog_cxx_g=yes
ac_cv_prog_make_make_set=yes
ac_cv_sizeof_int_p=4
ac_cv_sizeof_unsigned_char=1
ac_cv_sizeof_unsigned_int=4
ac_cv_sizeof_unsigned_long=4
ac_cv_sizeof_unsigned_long_long=8
ac_cv_sizeof_unsigned_short=2
ac_cv_sys_file_offset_bits=64
ac_cv_target=i586-pc-windows

## ----------------- ##
## Output variables. ##
## ----------------- ##

AR=''
BUILD_DOCBOOK_VAR=''
BXIMAGE_LINK_OPTS='user32.lib'
BX_LARGE_RAMFILE=''
BX_USE_IDLE_HACK=''
CC='cl'
CDROM_OBJS='cdrom.o cdrom_win32.o'
CD_UP_ONE='cd ..'
CD_UP_THREE='cd ..\..\..'
CD_UP_TWO='cd ..\..'
CFLAGS='/nologo /MT /W3 /EHs-c- /DNDEBUG /DWIN32 /D_WINDOWS /D_CRT_SECURE_NO_WARNINGS /Ox'
CFP='/Tc'
CLEAN_DOCBOOK_VAR=''
CLEAN_PCIDEV_VAR=''
COMMAND_SEPARATOR=''
CPP=''
CPPFLAGS=' -D_FILE_OFFSET_BITS=64 -D_LARGE_FILES'
CPP_SUFFIX='cc'
CXX='cl'
CXXCPP=''
CXXFLAGS='/nologo /MT /W3 /EHs-c- /DNDEBUG /DWIN32 /D_WINDOWS /D_CRT_SECURE_NO_WARNINGS /Ox'
CXXFP='/Tp'
DASH='/'
DEBUGGER_VAR=''
DEFINE_PLUGIN_PATH=''
DEFS='-DHAVE_CONFIG_H'
DEPMOD=''
DEVICE_LINK_OPTS=' wsock32.lib winmm.lib'
DIALOG_OBJS='win32dialog.o win32paramdlg.o'
DISASM_VAR='$(DISASM_LIB)'
DOCBOOK2HTML='not_found'
ECHO='echo'
ECHO_C=''
ECHO_N='-n'
ECHO_T=''
EGREP=''
ENH_DBG_OBJS=''
EXE='.exe'
EXEEXT='.exe'
EXPORT_DYNAMIC=''
EXTERNAL_DEPENDENCY=''
EXTRA_BX_OBJS=' win32res.o'
EXTRA_LINK_OPTS=''
F77=''
FFLAGS=''
FLEX=''
FPU_VAR='$(FPU_LIB)'
GAME_OBJS='gameport.o'
GDBSTUB_VAR=''
GREP=''
GUI_CFLAGS=''
GUI_CXXFLAGS=''
GUI_LINK_OPTS=' $(GUI_LINK_OPTS_RFB) $(GUI_LINK_OPTS_WIN32_VCPP)'
GUI_LINK_OPTS_TERM=''
GUI_LINK_OPTS_WX=''
GUI_NON_PLUGIN_OBJS='$(OBJS_THAT_CANNOT_BE_PLUGINS) $(OBJS_THAT_CAN_BE_PLUGINS) $(OBJS_THAT_SUPPORT_OTHER_PLUGINS)  $(GUI_OBJS_RFB) $(GUI_OBJS_WIN32) $(GUI_OBJS_NOGUI) '
GUI_OBJS=''
GUI_PLUGIN_OBJS=''
GZIP='/usr/bin/gzip'
HDIMAGE_LIB_VAR='iodev/hdimage/libhdimage.a'
INLINE_VAR=''
INSMOD=''
INSTALL_DOCBOOK_VAR=''
INSTALL_LIST_FOR_PLATFORM=''
INSTALL_PLUGINS_VAR=''
INSTALL_TARGET='install_win32'
INSTRUMENT_DIR='instrument/stubs'
INSTRUMENT_VAR=''
IODEBUG_OBJS=''
IODEV_EXT_NON_PLUGIN_OBJS='$(OBJS_THAT_CANNOT_BE_PLUGINS) $(OBJS_THAT_CAN_BE_PLUGINS) $(OBJS_THAT_SUPPORT_OTHER_PLUGINS)'
IODEV_EXT_PLUGIN_OBJS=''
IODEV_LIB_VAR='iodev/libiodev.a'
IODEV_NON_PLUGIN_OBJS='$(OBJS_THAT_CANNOT_BE_PLUGINS) $(OBJS_THAT_CAN_BE_PLUGINS) $(OBJS_THAT_SUPPORT_OTHER_PLUGINS)'
IODEV_PLUGIN_OBJS=''
KERNELDIR=''
KERNEL_MODULE_SUFFIX=''
LDFLAGS=''
LIBADD_DL=''
LIBOBJS=''
LIBS=''
LIBTOOL=''
LINK='link  /nologo /subsystem:console /incremental:no /out:$@ '
LINK_CONSOLE='link  /nologo /subsystem:console /incremental:no /out:$@ '
LN_S=''
LSMOD=''
LTLIBOBJS=''
MAKELIB='lib /nologo /subsystem:console /verbose /out:$@'
NETDEV_OBJS='ne2k.o e1000.o'
NETLOW_OBJS='eth_null.o eth_vnet.o eth_win32.o'
NETWORK_LIB_VAR='iodev/network/libnetwork.a'
NONINLINE_VAR='$(NONINLINE_OBJS)'
NONPLUGIN_GUI_LINK_OPTS='$(GUI_LINK_OPTS)'
NO_FLEX_YACC=''
OBJEXT='o'
OBJS64='$(OBJS64)'
OFP='/Fo'
PACKAGE_BUGREPORT=''
PACKAGE_NAME=''
PACKAGE_STRING=''
PACKAGE_TARNAME=''
PACKAGE_URL=''
PACKAGE_VERSION=''
PATH_SEPARATOR=':'
PCIDEV_MODULE_MAKE_ALL=''
PCI_OBJ='pci.o pci2isa.o pci_ide.o acpi.o'
PKGCONFIG='not_found'
PLUGIN_LIBNAME_TRANSFORMATION='%.o=libbx_%.la'
PLUGIN_TARGET=''
PLUGIN_VAR=''
PRIMARY_TARGET='bochs.exe niclist.exe'
PTHREAD_CC='cl'
PTHREAD_CFLAGS=''
PTHREAD_LIBS=''
RANLIB='echo'
RC_CMD='rc /fo'
READLINE_LIB=''
REL_STRING='Built from SVN snapshot on September 2nd, 2012'
RFB_LIBS=' wsock32.lib'
RMCOMMAND='-del'
RMMOD=''
SCSI_OBJS='scsi_device.o'
SET_MAKE=''
SHELL='/bin/sh'
SLASH='\'
SOUNDCARD_OBJS='sb16.o es1370.o'
SOUNDLOW_OBJS='soundwin.o'
SOUND_LIB_VAR='iodev/sound/libsound.a'
SOUND_LINK_OPTS=''
STRIP=''
SUFFIX_LINE='.SUFFIXES: .cc'
TAR='/usr/bin/tar'
TOOLKIT_CXXFLAGS=''
USBCORE_OBJ='usb_common.o'
USBDEV_OBJS='usb_hid.o usb_hub.o usb_msd.o usb_printer.o'
USBHC_OBJS='usb_uhci.o usb_ohci.o'
USB_LIB_VAR='iodev/usb/libusb.a'
VERSION='2.6'
VER_STRING='2.6'
WGET='not_found'
WIN_VER_STRING='2, 6, 0, 0'
WX_CFLAGS=''
WX_CONFIG='not_found'
WX_CXXFLAGS=''
XMKMF=''
X_CFLAGS=''
X_EXTRA_LIBS=''
X_LIBS=''
X_PRE_LIBS=''
YACC=''
ac_ct_CC='gcc'
ac_ct_CXX='g++'
ac_ct_F77=''
bindir='${exec_prefix}/bin'
build='i686-pc-cygwin'
build_alias=''
build_cpu='i686'
build_os='cygwin'
build_vendor='pc'
datadir='${datarootdir}'
datarootdir='${prefix}/share'
docdir='${datarootdir}/doc/${PACKAGE}'
dvidir='${docdir}'
exec_prefix='${prefix}'
host='i686-pc-cygwin'
host_alias=''
host_cpu='i686'
host_os='cygwin'
host_vendor='pc'
htmldir='${docdir}'
includedir='${prefix}/include'
infodir='${datarootdir}/info'
libdir='${exec_prefix}/lib'
libexecdir='${exec_prefix}/libexec'
localedir='${datarootdir}/locale'
localstatedir='${prefix}/var'
mandir='${datarootdir}/man'
oldincludedir='/usr/include'
pdfdir='${docdir}'
prefix='/usr/local'
program_transform_name='s,x,x,'
psdir='${docdir}'
sbindir='${exec_prefix}/sbin'
sharedstatedir='${prefix}/com'
sysconfdir='${prefix}/etc'
target='i586-pc-windows'
target_alias='pentium-windows'
target_cpu='i586'
target_os='windows'
target_vendor='pc'

## ----------- ##
## confdefs.h. ##
## ----------- ##

/* confdefs.h */
#define PACKAGE_NAME ""
#define PACKAGE_TARNAME ""
#define PACKAGE_VERSION ""
#define PACKAGE_STRING ""
#define PACKAGE_BUGREPORT ""
#define PACKAGE_URL ""
#define X_DISPLAY_MISSING 1
#define SIZEOF_UNSIGNED_CHAR 1
#define SIZEOF_UNSIGNED_SHORT 2
#define SIZEOF_UNSIGNED_INT 4
#define SIZEOF_UNSIGNED_LONG 4
#define SIZEOF_UNSIGNED_LONG_LONG 8
#define SIZEOF_INT_P 4
#define HAVE_GETENV 1
#define BX_HAVE_GETENV 1
#define HAVE_SETENV 1
#define BX_HAVE_SETENV 1
#define HAVE_SNPRINTF 1
#define BX_HAVE_SNPRINTF 1
#define HAVE_VSNPRINTF 1
#define BX_HAVE_VSNPRINTF 1
#define BX_HAVE_SELECT 1
#define BX_HAVE_SOCKLEN_T 0
#define BX_HAVE_STRTOULL 1
#define BX_HAVE_STRTOUQ 0
#define BX_HAVE_STRDUP 1
#define BX_HAVE_STRREV 1
#define BX_HAVE_STRICMP 1
#define BX_HAVE_STRCASECMP 0
#define BX_HAVE_MKSTEMP 0
#define BX_HAVE_SYS_MMAN_H 0
#define BX_HAVE_GETTIMEOFDAY 0
#define BX_HAVE_USLEEP 0
#define BX_HAVE___BUILTIN_BSWAP32 0
#define BX_HAVE___BUILTIN_BSWAP64 0
#define BX_HAVE_TMPFILE64 0
#define BX_HAVE_FSEEK64 0
#define BX_HAVE_FSEEKO64 0
#define HAVE_SLEEP 1
#define BX_HAVE_SLEEP 1
#define HAVE_NANOSLEEP 1
#define BX_HAVE_NANOSLEEP 1
#define HAVE_ABORT 1
#define BX_HAVE_ABORT 1
#define HAVE_TIMELOCAL 1
#define BX_HAVE_TIMELOCAL 1
#define HAVE_GMTIME 1
#define BX_HAVE_GMTIME 1
#define HAVE_MKTIME 1
#define BX_HAVE_MKTIME 1
#define _FILE_OFFSET_BITS 64
#define HAVE_LARGEFILE_SUPPORT 1
#define HAVE_COS 1
#define HAVE_FLOOR 1
#define BX_HAVE_SET 1
#define BX_HAVE_SET_H 1
#define BX_HAVE_MAP 1
#define BX_HAVE_MAP_H 1
#define BX_USE_IDLE_HACK 0
#define BX_HAVE_DLFCN_H 1
#define HAVE_ASSERT_H 1
#define BX_PLUGINS 0
#define BX_SUPPORT_A20 1
#define BX_SUPPORT_X86_64 1
#define BX_SUPPORT_SMP 0
#define BX_CPU_LEVEL 6
#define BX_PHY_ADDRESS_LONG 1
#define BX_LARGE_RAMFILE 1
#define BX_SUPPORT_NE2K 1
#define BX_SUPPORT_PCI 1
#define BX_SUPPORT_PCIDEV 0
#define BX_SUPPORT_USB_UHCI 1
#define BX_SUPPORT_USB_OHCI 1
#define BX_SUPPORT_USB_XHCI 0
#define BX_SUPPORT_PCIPNIC 0
#define BX_SUPPORT_E1000 1
#define BX_NETMOD_WIN32 1
#define BX_NETWORKING 1
#define BX_CONFIGURE_MSRS 1
#define BX_SHOW_IPS 1
#define BX_DEBUGGER 0
#define BX_DISASM 1
#define BX_DEBUGGER_GUI 0
#define BX_GDBSTUB 0
#define BX_SUPPORT_REPEAT_SPEEDUPS 1
#define BX_FAST_FUNC_CALL 1
#define BX_SUPPORT_HANDLERS_CHAINING_SPEEDUPS 1
#define HAVE_READLINE_HISTORY_H 1
#define BX_INSTRUMENTATION 0
#define BX_NO_LOGGING 0
#define BX_ASSERT_ENABLE 0
#define USE_RAW_SERIAL 0
#define BX_SUPPORT_CLGD54XX 1
#define BX_SUPPORT_FPU 1
#define BX_SUPPORT_VMX 0
#define BX_SUPPORT_SVM 0
#define BX_SUPPORT_3DNOW 0
#define BX_SUPPORT_ALIGNMENT_CHECK 1
#define BX_SUPPORT_MISALIGNED_SSE 0
#define BX_SUPPORT_MONITOR_MWAIT 1
#define BX_SUPPORT_AVX 0
#define BX_X86_DEBUGGER 0
#define BX_SUPPORT_CDROM 1
#define BX_SUPPORT_SB16 1
#define BX_SUPPORT_ES1370 1
#define BX_SUPPORT_SOUNDLOW 1
#define BX_SOUND_LOWLEVEL_C bx_sound_windows_c
#define BX_SUPPORT_GAMEPORT 1
#define BX_WITH_RFB 1
#define BX_WITH_WIN32 1
#define BX_WITH_NOGUI 1
#define BX_USE_TEXTCONFIG 1
#define BX_64BIT_CONSTANTS_USE_LL 0
#define inline __forceinline
#define BX_NO_ATTRIBUTES 1
#define HAVE_LIBREADLINE 0
#define HAVE_READLINE_HISTORY_H 0
#define BX_HAVE_DLFCN_H 0
#define BX_NETMOD_TAP 0

configure: exit 0
